// Jest Snapshot v1, https://goo.gl/fbAQLP

exports[`styled.h2 renders correctly 1`] = `
.c0 {
  color: rgba(41,71,98,0.8);
  font-size: 20px;
  font-weight: 300;
  line-height: 1.5em;
  -webkit-letter-spacing: 0;
  -moz-letter-spacing: 0;
  -ms-letter-spacing: 0;
  letter-spacing: 0;
  margin: 0;
  text-transform: capitalize;
  padding: 1.25rem 0;
}

<h2
  className="c0"
/>
`;
