// Jest Snapshot v1, https://goo.gl/fbAQLP

exports[`styled.img renders correctly 1`] = `
.c0 {
  border-radius: 3px;
  height: 106px;
  width: 106px;
}

<img
  alt="adorable user avatar"
  className="c0"
  src="https://api.adorable.io/avatars/150/user@example.com.png"
/>
`;
